Archive member included to satisfy reference by file (symbol)

c:/st/stm32cubeide_1.12.0/stm32cubeide/plugins/com.st.stm32cube.ide.mcu.externaltools.gnu-tools-for-stm32.10.3-2021.10.win32_1.0.200.202301161003/tools/bin/../lib/gcc/arm-none-eabi/10.3.1/../../../../arm-none-eabi/lib/thumb/v6-m/nofp\libc_nano.a(lib_a-errno.o)
                              ./Core/Src/syscalls.o (__errno)
c:/st/stm32cubeide_1.12.0/stm32cubeide/plugins/com.st.stm32cube.ide.mcu.externaltools.gnu-tools-for-stm32.10.3-2021.10.win32_1.0.200.202301161003/tools/bin/../lib/gcc/arm-none-eabi/10.3.1/../../../../arm-none-eabi/lib/thumb/v6-m/nofp\libc_nano.a(lib_a-exit.o)
                              c:/st/stm32cubeide_1.12.0/stm32cubeide/plugins/com.st.stm32cube.ide.mcu.externaltools.gnu-tools-for-stm32.10.3-2021.10.win32_1.0.200.202301161003/tools/bin/../lib/gcc/arm-none-eabi/10.3.1/../../../../arm-none-eabi/lib/thumb/v6-m/nofp/crt0.o (exit)
c:/st/stm32cubeide_1.12.0/stm32cubeide/plugins/com.st.stm32cube.ide.mcu.externaltools.gnu-tools-for-stm32.10.3-2021.10.win32_1.0.200.202301161003/tools/bin/../lib/gcc/arm-none-eabi/10.3.1/../../../../arm-none-eabi/lib/thumb/v6-m/nofp\libc_nano.a(lib_a-impure.o)
                              c:/st/stm32cubeide_1.12.0/stm32cubeide/plugins/com.st.stm32cube.ide.mcu.externaltools.gnu-tools-for-stm32.10.3-2021.10.win32_1.0.200.202301161003/tools/bin/../lib/gcc/arm-none-eabi/10.3.1/../../../../arm-none-eabi/lib/thumb/v6-m/nofp\libc_nano.a(lib_a-exit.o) (_global_impure_ptr)
c:/st/stm32cubeide_1.12.0/stm32cubeide/plugins/com.st.stm32cube.ide.mcu.externaltools.gnu-tools-for-stm32.10.3-2021.10.win32_1.0.200.202301161003/tools/bin/../lib/gcc/arm-none-eabi/10.3.1/../../../../arm-none-eabi/lib/thumb/v6-m/nofp\libc_nano.a(lib_a-init.o)
                              c:/st/stm32cubeide_1.12.0/stm32cubeide/plugins/com.st.stm32cube.ide.mcu.externaltools.gnu-tools-for-stm32.10.3-2021.10.win32_1.0.200.202301161003/tools/bin/../lib/gcc/arm-none-eabi/10.3.1/../../../../arm-none-eabi/lib/thumb/v6-m/nofp/crt0.o (__libc_init_array)
c:/st/stm32cubeide_1.12.0/stm32cubeide/plugins/com.st.stm32cube.ide.mcu.externaltools.gnu-tools-for-stm32.10.3-2021.10.win32_1.0.200.202301161003/tools/bin/../lib/gcc/arm-none-eabi/10.3.1/../../../../arm-none-eabi/lib/thumb/v6-m/nofp\libc_nano.a(lib_a-memcpy-stub.o)
                              ./Core/Src/ds18b20.o (memcpy)
c:/st/stm32cubeide_1.12.0/stm32cubeide/plugins/com.st.stm32cube.ide.mcu.externaltools.gnu-tools-for-stm32.10.3-2021.10.win32_1.0.200.202301161003/tools/bin/../lib/gcc/arm-none-eabi/10.3.1/../../../../arm-none-eabi/lib/thumb/v6-m/nofp\libc_nano.a(lib_a-memset.o)
                              c:/st/stm32cubeide_1.12.0/stm32cubeide/plugins/com.st.stm32cube.ide.mcu.externaltools.gnu-tools-for-stm32.10.3-2021.10.win32_1.0.200.202301161003/tools/bin/../lib/gcc/arm-none-eabi/10.3.1/../../../../arm-none-eabi/lib/thumb/v6-m/nofp/crt0.o (memset)
c:/st/stm32cubeide_1.12.0/stm32cubeide/plugins/com.st.stm32cube.ide.mcu.externaltools.gnu-tools-for-stm32.10.3-2021.10.win32_1.0.200.202301161003/tools/bin/../lib/gcc/arm-none-eabi/10.3.1/thumb/v6-m/nofp\libgcc.a(_udivsi3.o)
                              ./Core/Src/flame_sensor.o (__aeabi_uidiv)
c:/st/stm32cubeide_1.12.0/stm32cubeide/plugins/com.st.stm32cube.ide.mcu.externaltools.gnu-tools-for-stm32.10.3-2021.10.win32_1.0.200.202301161003/tools/bin/../lib/gcc/arm-none-eabi/10.3.1/thumb/v6-m/nofp\libgcc.a(_dvmd_tls.o)
                              c:/st/stm32cubeide_1.12.0/stm32cubeide/plugins/com.st.stm32cube.ide.mcu.externaltools.gnu-tools-for-stm32.10.3-2021.10.win32_1.0.200.202301161003/tools/bin/../lib/gcc/arm-none-eabi/10.3.1/thumb/v6-m/nofp\libgcc.a(_udivsi3.o) (__aeabi_idiv0)

Discarded input sections

 .text          0x0000000000000000        0x0 c:/st/stm32cubeide_1.12.0/stm32cubeide/plugins/com.st.stm32cube.ide.mcu.externaltools.gnu-tools-for-stm32.10.3-2021.10.win32_1.0.200.202301161003/tools/bin/../lib/gcc/arm-none-eabi/10.3.1/thumb/v6-m/nofp/crti.o
 .data          0x0000000000000000        0x0 c:/st/stm32cubeide_1.12.0/stm32cubeide/plugins/com.st.stm32cube.ide.mcu.externaltools.gnu-tools-for-stm32.10.3-2021.10.win32_1.0.200.202301161003/tools/bin/../lib/gcc/arm-none-eabi/10.3.1/thumb/v6-m/nofp/crti.o
 .bss           0x0000000000000000        0x0 c:/st/stm32cubeide_1.12.0/stm32cubeide/plugins/com.st.stm32cube.ide.mcu.externaltools.gnu-tools-for-stm32.10.3-2021.10.win32_1.0.200.202301161003/tools/bin/../lib/gcc/arm-none-eabi/10.3.1/thumb/v6-m/nofp/crti.o
 .data          0x0000000000000000        0x4 c:/st/stm32cubeide_1.12.0/stm32cubeide/plugins/com.st.stm32cube.ide.mcu.externaltools.gnu-tools-for-stm32.10.3-2021.10.win32_1.0.200.202301161003/tools/bin/../lib/gcc/arm-none-eabi/10.3.1/thumb/v6-m/nofp/crtbegin.o
[...]
Memory Configuration

Name             Origin             Length             Attributes
RAM              0x0000000020000000 0x0000000000001800 xrw
FLASH            0x0000000008000000 0x0000000000004000 xr
*default*        0x0000000000000000 0xffffffffffffffff

Linker script and memory map

LOAD c:/st/stm32cubeide_1.12.0/stm32cubeide/plugins/com.st.stm32cube.ide.mcu.externaltools.gnu-tools-for-stm32.10.3-2021.10.win32_1.0.200.202301161003/tools/bin/../lib/gcc/arm-none-eabi/10.3.1/thumb/v6-m/nofp/crti.o
LOAD c:/st/stm32cubeide_1.12.0/stm32cubeide/plugins/com.st.stm32cube.ide.mcu.externaltools.gnu-tools-for-stm32.10.3-2021.10.win32_1.0.200.202301161003/tools/bin/../lib/gcc/arm-none-eabi/10.3.1/thumb/v6-m/nofp/crtbegin.o
LOAD c:/st/stm32cubeide_1.12.0/stm32cubeide/plugins/com.st.stm32cube.ide.mcu.externaltools.gnu-tools-for-stm32.10.3-2021.10.win32_1.0.200.202301161003/tools/bin/../lib/gcc/arm-none-eabi/10.3.1/../../../../arm-none-eabi/lib/thumb/v6-m/nofp/crt0.o
LOAD ./Core/Src/adc.o
LOAD ./Core/Src/can.o
LOAD ./Core/Src/ds18b20.o
LOAD ./Core/Src/flame_sensor.o
LOAD ./Core/Src/gpio.o
LOAD ./Core/Src/main.o
LOAD ./Core/Src/smoke_sensor.o
LOAD ./Core/Src/stm32f0xx_hal_msp.o
LOAD ./Core/Src/stm32f0xx_it.o
LOAD ./Core/Src/syscalls.o
LOAD ./Core/Src/sysmem.o
LOAD ./Core/Src/system_stm32f0xx.o
LOAD ./Core/Src/tim.o
LOAD ./Core/Src/usart.o
LOAD ./Core/Src/wire.o
LOAD ./Core/Startup/startup_stm32f042f4px.o
LOAD ./Drivers/STM32F0xx_HAL_Driver/Src/stm32f0xx_hal.o
LOAD ./Drivers/STM32F0xx_HAL_Driver/Src/stm32f0xx_hal_adc.o
LOAD ./Drivers/STM32F0xx_HAL_Driver/Src/stm32f0xx_hal_adc_ex.o
LOAD ./Drivers/STM32F0xx_HAL_Driver/Src/stm32f0xx_hal_can.o
LOAD ./Drivers/STM32F0xx_HAL_Driver/Src/stm32f0xx_hal_cortex.o
LOAD ./Drivers/STM32F0xx_HAL_Driver/Src/stm32f0xx_hal_dma.o
LOAD ./Drivers/STM32F0xx_HAL_Driver/Src/stm32f0xx_hal_exti.o
LOAD ./Drivers/STM32F0xx_HAL_Driver/Src/stm32f0xx_hal_flash.o
LOAD ./Drivers/STM32F0xx_HAL_Driver/Src/stm32f0xx_hal_flash_ex.o
LOAD ./Drivers/STM32F0xx_HAL_Driver/Src/stm32f0xx_hal_gpio.o
LOAD ./Drivers/STM32F0xx_HAL_Driver/Src/stm32f0xx_hal_i2c.o
LOAD ./Drivers/STM32F0xx_HAL_Driver/Src/stm32f0xx_hal_i2c_ex.o
LOAD ./Drivers/STM32F0xx_HAL_Driver/Src/stm32f0xx_hal_pwr.o
LOAD ./Drivers/STM32F0xx_HAL_Driver/Src/stm32f0xx_hal_pwr_ex.o
LOAD ./Drivers/STM32F0xx_HAL_Driver/Src/stm32f0xx_hal_rcc.o
LOAD ./Drivers/STM32F0xx_HAL_Driver/Src/stm32f0xx_hal_rcc_ex.o
LOAD ./Drivers/STM32F0xx_HAL_Driver/Src/stm32f0xx_hal_tim.o
LOAD ./Drivers/STM32F0xx_HAL_Driver/Src/stm32f0xx_hal_tim_ex.o
LOAD ./Drivers/STM32F0xx_HAL_Driver/Src/stm32f0xx_hal_uart.o
LOAD ./Drivers/STM32F0xx_HAL_Driver/Src/stm32f0xx_hal_uart_ex.o
START GROUP
LOAD c:/st/stm32cubeide_1.12.0/stm32cubeide/plugins/com.st.stm32cube.ide.mcu.externaltools.gnu-tools-for-stm32.10.3-2021.10.win32_1.0.200.202301161003/tools/bin/../lib/gcc/arm-none-eabi/10.3.1/../../../../arm-none-eabi/lib/thumb/v6-m/nofp\libc_nano.a
LOAD c:/st/stm32cubeide_1.12.0/stm32cubeide/plugins/com.st.stm32cube.ide.mcu.externaltools.gnu-tools-for-stm32.10.3-2021.10.win32_1.0.200.202301161003/tools/bin/../lib/gcc/arm-none-eabi/10.3.1/../../../../arm-none-eabi/lib/thumb/v6-m/nofp\libm.a
END GROUP
START GROUP
LOAD c:/st/stm32cubeide_1.12.0/stm32cubeide/plugins/com.st.stm32cube.ide.mcu.externaltools.gnu-tools-for-stm32.10.3-2021.10.win32_1.0.200.202301161003/tools/bin/../lib/gcc/arm-none-eabi/10.3.1/thumb/v6-m/nofp\libgcc.a
LOAD c:/st/stm32cubeide_1.12.0/stm32cubeide/plugins/com.st.stm32cube.ide.mcu.externaltools.gnu-tools-for-stm32.10.3-2021.10.win32_1.0.200.202301161003/tools/bin/../lib/gcc/arm-none-eabi/10.3.1/../../../../arm-none-eabi/lib/thumb/v6-m/nofp\libc_nano.a
END GROUP
START GROUP
LOAD c:/st/stm32cubeide_1.12.0/stm32cubeide/plugins/com.st.stm32cube.ide.mcu.externaltools.gnu-tools-for-stm32.10.3-2021.10.win32_1.0.200.202301161003/tools/bin/../lib/gcc/arm-none-eabi/10.3.1/thumb/v6-m/nofp\libgcc.a
LOAD c:/st/stm32cubeide_1.12.0/stm32cubeide/plugins/com.st.stm32cube.ide.mcu.externaltools.gnu-tools-for-stm32.10.3-2021.10.win32_1.0.200.202301161003/tools/bin/../lib/gcc/arm-none-eabi/10.3.1/../../../../arm-none-eabi/lib/thumb/v6-m/nofp\libc_nano.a
LOAD c:/st/stm32cubeide_1.12.0/stm32cubeide/plugins/com.st.stm32cube.ide.mcu.externaltools.gnu-tools-for-stm32.10.3-2021.10.win32_1.0.200.202301161003/tools/bin/../lib/gcc/arm-none-eabi/10.3.1/../../../../arm-none-eabi/lib/thumb/v6-m/nofp\libnosys.a
END GROUP
START GROUP
LOAD c:/st/stm32cubeide_1.12.0/stm32cubeide/plugins/com.st.stm32cube.ide.mcu.externaltools.gnu-tools-for-stm32.10.3-2021.10.win32_1.0.200.202301161003/tools/bin/../lib/gcc/arm-none-eabi/10.3.1/thumb/v6-m/nofp\libgcc.a
LOAD c:/st/stm32cubeide_1.12.0/stm32cubeide/plugins/com.st.stm32cube.ide.mcu.externaltools.gnu-tools-for-stm32.10.3-2021.10.win32_1.0.200.202301161003/tools/bin/../lib/gcc/arm-none-eabi/10.3.1/../../../../arm-none-eabi/lib/thumb/v6-m/nofp\libc_nano.a
LOAD c:/st/stm32cubeide_1.12.0/stm32cubeide/plugins/com.st.stm32cube.ide.mcu.externaltools.gnu-tools-for-stm32.10.3-2021.10.win32_1.0.200.202301161003/tools/bin/../lib/gcc/arm-none-eabi/10.3.1/../../../../arm-none-eabi/lib/thumb/v6-m/nofp\libnosys.a
END GROUP
LOAD c:/st/stm32cubeide_1.12.0/stm32cubeide/plugins/com.st.stm32cube.ide.mcu.externaltools.gnu-tools-for-stm32.10.3-2021.10.win32_1.0.200.202301161003/tools/bin/../lib/gcc/arm-none-eabi/10.3.1/thumb/v6-m/nofp/crtend.o
LOAD c:/st/stm32cubeide_1.12.0/stm32cubeide/plugins/com.st.stm32cube.ide.mcu.externaltools.gnu-tools-for-stm32.10.3-2021.10.win32_1.0.200.202301161003/tools/bin/../lib/gcc/arm-none-eabi/10.3.1/thumb/v6-m/nofp/crtn.o
                0x0000000020001800                _estack = (ORIGIN (RAM) + LENGTH (RAM))
                0x0000000000000200                _Min_Heap_Size = 0x200
                0x0000000000000400                _Min_Stack_Size = 0x400

.isr_vector     0x0000000008000000       0xc0
                0x0000000008000000                . = ALIGN (0x4)
 *(.isr_vector)
 .isr_vector    0x0000000008000000       0xc0 ./Core/Startup/startup_stm32f042f4px.o
                0x0000000008000000                g_pfnVectors
                0x00000000080000c0                . = ALIGN (0x4)

.text           0x00000000080000c0     0x3830
                0x00000000080000c0                . = ALIGN (0x4)
 *(.text)
 .text          0x00000000080000c0       0x48 c:/st/stm32cubeide_1.12.0/stm32cubeide/plugins/com.st.stm32cube.ide.mcu.externaltools.gnu-tools-for-stm32.10.3-2021.10.win32_1.0.200.202301161003/tools/bin/../lib/gcc/arm-none-eabi/10.3.1/thumb/v6-m/nofp/crtbegin.o
 .text          0x0000000008000108      0x114 c:/st/stm32cubeide_1.12.0/stm32cubeide/plugins/com.st.stm32cube.ide.mcu.externaltools.gnu-tools-for-stm32.10.3-2021.10.win32_1.0.200.202301161003/tools/bin/../lib/gcc/arm-none-eabi/10.3.1/thumb/v6-m/nofp\libgcc.a(_udivsi3.o)
                0x0000000008000108                __aeabi_uidiv
                0x0000000008000108                __udivsi3
                0x0000000008000214                __aeabi_uidivmod
 .text          0x000000000800021c        0x4 c:/st/stm32cubeide_1.12.0/stm32cubeide/plugins/com.st.stm32cube.ide.mcu.externaltools.gnu-tools-for-stm32.10.3-2021.10.win32_1.0.200.202301161003/tools/bin/../lib/gcc/arm-none-eabi/10.3.1/thumb/v6-m/nofp\libgcc.a(_dvmd_tls.o)
                0x000000000800021c                __aeabi_idiv0
                0x000000000800021c                __aeabi_ldiv0
 *(.text*)
 .text.MX_ADC_Init
                0x0000000008000220      0x120 ./Core/Src/adc.o
                0x0000000008000220                MX_ADC_Init
 .text.HAL_ADC_MspInit
                0x0000000008000340       0x8c ./Core/Src/adc.o
                0x0000000008000340                HAL_ADC_MspInit
 .text.MX_CAN_Init
                0x00000000080003cc       0x70 ./Core/Src/can.o
                0x00000000080003cc                MX_CAN_Init
 .text.HAL_CAN_MspInit
                0x000000000800043c       0xe8 ./Core/Src/can.o
                0x000000000800043c                HAL_CAN_MspInit
 .text.ds18b20_init
                0x0000000008000524       0x10 ./Core/Src/ds18b20.o
                0x0000000008000524                ds18b20_init
 .text.ds18b20_read_address
                0x0000000008000534       0x68 ./Core/Src/ds18b20.o
                0x0000000008000534                ds18b20_read_address
 .text.send_cmd
                0x000000000800059c       0x62 ./Core/Src/ds18b20.o
 .text.ds18b20_start_measure
                0x00000000080005fe       0x1c ./Core/Src/ds18b20.o
                0x00000000080005fe                ds18b20_start_measure
 .text.ds18b20_read_scratchpad
                0x000000000800061a       0x6a ./Core/Src/ds18b20.o
 .text.ds18b20_get_temp
                0x0000000008000684       0x3e ./Core/Src/ds18b20.o
                0x0000000008000684                ds18b20_get_temp
 *fill*         0x00000000080006c2        0x2 
 .text.flame_sensor_read
                0x00000000080006c4       0xe8 ./Core/Src/flame_sensor.o
                0x00000000080006c4                flame_sensor_read
 .text.MX_GPIO_Init
                0x00000000080007ac      0x118 ./Core/Src/gpio.o
                0x00000000080007ac                MX_GPIO_Init
 .text.main     0x00000000080008c4      0x160 ./Core/Src/main.o
                0x00000000080008c4                main
 .text.SystemClock_Config
                0x0000000008000a24       0x9c ./Core/Src/main.o
                0x0000000008000a24                SystemClock_Config
 .text.Error_Handler
                0x0000000008000ac0        0xa ./Core/Src/main.o
                0x0000000008000ac0                Error_Handler
 *fill*         0x0000000008000aca        0x2 
 .text.smoke_sensor_read
                0x0000000008000acc       0xd8 ./Core/Src/smoke_sensor.o
                0x0000000008000acc                smoke_sensor_read
 .text.HAL_MspInit
                0x0000000008000ba4       0x58 ./Core/Src/stm32f0xx_hal_msp.o
                0x0000000008000ba4                HAL_MspInit
 .text.NMI_Handler
                0x0000000008000bfc        0x6 ./Core/Src/stm32f0xx_it.o
                0x0000000008000bfc                NMI_Handler
 .text.HardFault_Handler
                0x0000000008000c02        0x6 ./Core/Src/stm32f0xx_it.o
                0x0000000008000c02                HardFault_Handler
 .text.SVC_Handler
                0x0000000008000c08        0xa ./Core/Src/stm32f0xx_it.o
                0x0000000008000c08                SVC_Handler
 .text.PendSV_Handler
                0x0000000008000c12        0xa ./Core/Src/stm32f0xx_it.o
                0x0000000008000c12                PendSV_Handler
 .text.SysTick_Handler
                0x0000000008000c1c        0xe ./Core/Src/stm32f0xx_it.o
                0x0000000008000c1c                SysTick_Handler
 .text.SystemInit
                0x0000000008000c2a        0xa ./Core/Src/system_stm32f0xx.o
                0x0000000008000c2a                SystemInit
 .text.MX_TIM17_Init
                0x0000000008000c34       0x50 ./Core/Src/tim.o
                0x0000000008000c34                MX_TIM17_Init
 .text.HAL_TIM_Base_MspInit
                0x0000000008000c84       0x40 ./Core/Src/tim.o
                0x0000000008000c84                HAL_TIM_Base_MspInit
 .text.MX_USART2_UART_Init
                0x0000000008000cc4       0x60 ./Core/Src/usart.o
                0x0000000008000cc4                MX_USART2_UART_Init
 .text.HAL_UART_MspInit
                0x0000000008000d24       0x98 ./Core/Src/usart.o
                0x0000000008000d24                HAL_UART_MspInit
 .text.wire_init
                0x0000000008000dbc       0x18 ./Core/Src/wire.o
                0x0000000008000dbc                wire_init
 .text.delay_us
                0x0000000008000dd4       0x2c ./Core/Src/wire.o
 .text.wire_reset
                0x0000000008000e00       0x68 ./Core/Src/wire.o
                0x0000000008000e00                wire_reset
 .text.read_bit
                0x0000000008000e68       0x56 ./Core/Src/wire.o
 .text.wire_read
                0x0000000008000ebe       0x4a ./Core/Src/wire.o
                0x0000000008000ebe                wire_read
 .text.write_bit
                0x0000000008000f08       0x70 ./Core/Src/wire.o
 .text.wire_write
                0x0000000008000f78       0x40 ./Core/Src/wire.o
                0x0000000008000f78                wire_write
 .text.byte_crc
                0x0000000008000fb8       0x6c ./Core/Src/wire.o
 .text.wire_crc
                0x0000000008001024       0x50 ./Core/Src/wire.o
                0x0000000008001024                wire_crc
 .text.Reset_Handler
                0x0000000008001074       0x80 ./Core/Startup/startup_stm32f042f4px.o
                0x0000000008001074                Reset_Handler
 .text.Default_Handler
                0x00000000080010f4        0x2 ./Core/Startup/startup_stm32f042f4px.o
                0x00000000080010f4                TIM1_CC_IRQHandler
                0x00000000080010f4                TSC_IRQHandler
                0x00000000080010f4                I2C1_IRQHandler
                0x00000000080010f4                RCC_CRS_IRQHandler
                0x00000000080010f4                SPI1_IRQHandler
                0x00000000080010f4                EXTI2_3_IRQHandler
                0x00000000080010f4                ADC1_IRQHandler
                0x00000000080010f4                TIM17_IRQHandler
                0x00000000080010f4                CEC_CAN_IRQHandler
                0x00000000080010f4                RTC_IRQHandler
                0x00000000080010f4                PVD_VDDIO2_IRQHandler
                0x00000000080010f4                TIM16_IRQHandler
                0x00000000080010f4                TIM3_IRQHandler
                0x00000000080010f4                EXTI4_15_IRQHandler
                0x00000000080010f4                DMA1_Channel1_IRQHandler
                0x00000000080010f4                Default_Handler
                0x00000000080010f4                TIM14_IRQHandler
                0x00000000080010f4                DMA1_Channel4_5_IRQHandler
                0x00000000080010f4                EXTI0_1_IRQHandler
                0x00000000080010f4                USB_IRQHandler
                0x00000000080010f4                SPI2_IRQHandler
                0x00000000080010f4                WWDG_IRQHandler
                0x00000000080010f4                TIM2_IRQHandler
                0x00000000080010f4                DMA1_Channel2_3_IRQHandler
                0x00000000080010f4                USART2_IRQHandler
                0x00000000080010f4                FLASH_IRQHandler
                0x00000000080010f4                USART1_IRQHandler
                0x00000000080010f4                TIM1_BRK_UP_TRG_COM_IRQHandler
 *fill*         0x00000000080010f6        0x2 
 .text.HAL_Init
                0x00000000080010f8       0x28 ./Drivers/STM32F0xx_HAL_Driver/Src/stm32f0xx_hal.o
                0x00000000080010f8                HAL_Init
 .text.HAL_InitTick
                0x0000000008001120       0x68 ./Drivers/STM32F0xx_HAL_Driver/Src/stm32f0xx_hal.o
                0x0000000008001120                HAL_InitTick
 .text.HAL_IncTick
                0x0000000008001188       0x24 ./Drivers/STM32F0xx_HAL_Driver/Src/stm32f0xx_hal.o
                0x0000000008001188                HAL_IncTick
 .text.HAL_GetTick
                0x00000000080011ac       0x14 ./Drivers/STM32F0xx_HAL_Driver/Src/stm32f0xx_hal.o
                0x00000000080011ac                HAL_GetTick
 .text.HAL_Delay
                0x00000000080011c0       0x48 ./Drivers/STM32F0xx_HAL_Driver/Src/stm32f0xx_hal.o
                0x00000000080011c0                HAL_Delay
 .text.HAL_ADC_Init
                0x0000000008001208      0x280 ./Drivers/STM32F0xx_HAL_Driver/Src/stm32f0xx_hal_adc.o
                0x0000000008001208                HAL_ADC_Init
 .text.HAL_ADC_Start
                0x0000000008001488       0xa8 ./Drivers/STM32F0xx_HAL_Driver/Src/stm32f0xx_hal_adc.o
                0x0000000008001488                HAL_ADC_Start
 .text.HAL_ADC_Stop
                0x0000000008001530       0x80 ./Drivers/STM32F0xx_HAL_Driver/Src/stm32f0xx_hal_adc.o
                0x0000000008001530                HAL_ADC_Stop
 .text.HAL_ADC_PollForConversion
                0x00000000080015b0      0x130 ./Drivers/STM32F0xx_HAL_Driver/Src/stm32f0xx_hal_adc.o
                0x00000000080015b0                HAL_ADC_PollForConversion
 .text.HAL_ADC_GetValue
                0x00000000080016e0       0x16 ./Drivers/STM32F0xx_HAL_Driver/Src/stm32f0xx_hal_adc.o
                0x00000000080016e0                HAL_ADC_GetValue
 *fill*         0x00000000080016f6        0x2 
 .text.HAL_ADC_ConfigChannel
                0x00000000080016f8      0x21c ./Drivers/STM32F0xx_HAL_Driver/Src/stm32f0xx_hal_adc.o
                0x00000000080016f8                HAL_ADC_ConfigChannel
 .text.HAL_ADC_GetState
                0x0000000008001914       0x14 ./Drivers/STM32F0xx_HAL_Driver/Src/stm32f0xx_hal_adc.o
                0x0000000008001914                HAL_ADC_GetState
 .text.ADC_Enable
                0x0000000008001928      0x108 ./Drivers/STM32F0xx_HAL_Driver/Src/stm32f0xx_hal_adc.o
 .text.ADC_Disable
                0x0000000008001a30       0xe2 ./Drivers/STM32F0xx_HAL_Driver/Src/stm32f0xx_hal_adc.o
 .text.ADC_ConversionStop
                0x0000000008001b12       0x98 ./Drivers/STM32F0xx_HAL_Driver/Src/stm32f0xx_hal_adc.o
 .text.HAL_CAN_Init
                0x0000000008001baa      0x1fc ./Drivers/STM32F0xx_HAL_Driver/Src/stm32f0xx_hal_can.o
                0x0000000008001baa                HAL_CAN_Init
 .text.HAL_CAN_Start
                0x0000000008001da6       0x8c ./Drivers/STM32F0xx_HAL_Driver/Src/stm32f0xx_hal_can.o
                0x0000000008001da6                HAL_CAN_Start
 .text.HAL_CAN_AddTxMessage
                0x0000000008001e32      0x1a4 ./Drivers/STM32F0xx_HAL_Driver/Src/stm32f0xx_hal_can.o
                0x0000000008001e32                HAL_CAN_AddTxMessage
 .text.HAL_CAN_GetTxMailboxesFreeLevel
                0x0000000008001fd6       0x70 ./Drivers/STM32F0xx_HAL_Driver/Src/stm32f0xx_hal_can.o
                0x0000000008001fd6                HAL_CAN_GetTxMailboxesFreeLevel
 *fill*         0x0000000008002046        0x2 
 .text.__NVIC_SetPriority
                0x0000000008002048       0xdc ./Drivers/STM32F0xx_HAL_Driver/Src/stm32f0xx_hal_cortex.o
 .text.SysTick_Config
                0x0000000008002124       0x48 ./Drivers/STM32F0xx_HAL_Driver/Src/stm32f0xx_hal_cortex.o
 .text.HAL_NVIC_SetPriority
                0x000000000800216c       0x2a ./Drivers/STM32F0xx_HAL_Driver/Src/stm32f0xx_hal_cortex.o
                0x000000000800216c                HAL_NVIC_SetPriority
 .text.HAL_SYSTICK_Config
                0x0000000008002196       0x1a ./Drivers/STM32F0xx_HAL_Driver/Src/stm32f0xx_hal_cortex.o
                0x0000000008002196                HAL_SYSTICK_Config
 .text.HAL_GPIO_Init
                0x00000000080021b0      0x2d0 ./Drivers/STM32F0xx_HAL_Driver/Src/stm32f0xx_hal_gpio.o
                0x00000000080021b0                HAL_GPIO_Init
 .text.HAL_GPIO_ReadPin
                0x0000000008002480       0x3a ./Drivers/STM32F0xx_HAL_Driver/Src/stm32f0xx_hal_gpio.o
                0x0000000008002480                HAL_GPIO_ReadPin
 .text.HAL_GPIO_WritePin
                0x00000000080024ba       0x3a ./Drivers/STM32F0xx_HAL_Driver/Src/stm32f0xx_hal_gpio.o
                0x00000000080024ba                HAL_GPIO_WritePin
 .text.HAL_RCC_OscConfig
                0x00000000080024f4      0x70c ./Drivers/STM32F0xx_HAL_Driver/Src/stm32f0xx_hal_rcc.o
                0x00000000080024f4                HAL_RCC_OscConfig
 .text.HAL_RCC_ClockConfig
                0x0000000008002c00      0x1b4 ./Drivers/STM32F0xx_HAL_Driver/Src/stm32f0xx_hal_rcc.o
                0x0000000008002c00                HAL_RCC_ClockConfig
 .text.HAL_RCC_GetSysClockFreq
                0x0000000008002db4       0xe8 ./Drivers/STM32F0xx_HAL_Driver/Src/stm32f0xx_hal_rcc.o
                0x0000000008002db4                HAL_RCC_GetSysClockFreq
 .text.HAL_RCC_GetHCLKFreq
                0x0000000008002e9c       0x14 ./Drivers/STM32F0xx_HAL_Driver/Src/stm32f0xx_hal_rcc.o
                0x0000000008002e9c                HAL_RCC_GetHCLKFreq
 .text.HAL_RCC_GetPCLK1Freq
                0x0000000008002eb0       0x2c ./Drivers/STM32F0xx_HAL_Driver/Src/stm32f0xx_hal_rcc.o
                0x0000000008002eb0                HAL_RCC_GetPCLK1Freq
 .text.HAL_TIM_Base_Init
                0x0000000008002edc       0xa0 ./Drivers/STM32F0xx_HAL_Driver/Src/stm32f0xx_hal_tim.o
                0x0000000008002edc                HAL_TIM_Base_Init
 .text.HAL_TIM_Base_Start
                0x0000000008002f7c       0x88 ./Drivers/STM32F0xx_HAL_Driver/Src/stm32f0xx_hal_tim.o
                0x0000000008002f7c                HAL_TIM_Base_Start
 .text.TIM_Base_SetConfig
                0x0000000008003004       0xec ./Drivers/STM32F0xx_HAL_Driver/Src/stm32f0xx_hal_tim.o
                0x0000000008003004                TIM_Base_SetConfig
 .text.HAL_UART_Init
                0x00000000080030f0       0xa8 ./Drivers/STM32F0xx_HAL_Driver/Src/stm32f0xx_hal_uart.o
                0x00000000080030f0                HAL_UART_Init
 .text.UART_SetConfig
                0x0000000008003198      0x280 ./Drivers/STM32F0xx_HAL_Driver/Src/stm32f0xx_hal_uart.o
                0x0000000008003198                UART_SetConfig
 .text.UART_AdvFeatureConfig
                0x0000000008003418      0x168 ./Drivers/STM32F0xx_HAL_Driver/Src/stm32f0xx_hal_uart.o
                0x0000000008003418                UART_AdvFeatureConfig
 .text.UART_CheckIdleState
                0x0000000008003580      0x150 ./Drivers/STM32F0xx_HAL_Driver/Src/stm32f0xx_hal_uart.o
                0x0000000008003580                UART_CheckIdleState
 .text.UART_WaitOnFlagUntilTimeout
                0x00000000080036d0       0xd2 ./Drivers/STM32F0xx_HAL_Driver/Src/stm32f0xx_hal_uart.o
                0x00000000080036d0                UART_WaitOnFlagUntilTimeout
 *fill*         0x00000000080037a2        0x2 
 .text.UART_EndRxTransfer
                0x00000000080037a4       0xc8 ./Drivers/STM32F0xx_HAL_Driver/Src/stm32f0xx_hal_uart.o
 .text.__libc_init_array
                0x000000000800386c       0x48 c:/st/stm32cubeide_1.12.0/stm32cubeide/plugins/com.st.stm32cube.ide.mcu.externaltools.gnu-tools-for-stm32.10.3-2021.10.win32_1.0.200.202301161003/tools/bin/../lib/gcc/arm-none-eabi/10.3.1/../../../../arm-none-eabi/lib/thumb/v6-m/nofp\libc_nano.a(lib_a-init.o)
                0x000000000800386c                __libc_init_array
 .text.memcpy   0x00000000080038b4       0x12 c:/st/stm32cubeide_1.12.0/stm32cubeide/plugins/com.st.stm32cube.ide.mcu.externaltools.gnu-tools-for-stm32.10.3-2021.10.win32_1.0.200.202301161003/tools/bin/../lib/gcc/arm-none-eabi/10.3.1/../../../../arm-none-eabi/lib/thumb/v6-m/nofp\libc_nano.a(lib_a-memcpy-stub.o)
                0x00000000080038b4                memcpy
 .text.memset   0x00000000080038c6       0x10 c:/st/stm32cubeide_1.12.0/stm32cubeide/plugins/com.st.stm32cube.ide.mcu.externaltools.gnu-tools-for-stm32.10.3-2021.10.win32_1.0.200.202301161003/tools/bin/../lib/gcc/arm-none-eabi/10.3.1/../../../../arm-none-eabi/lib/thumb/v6-m/nofp\libc_nano.a(lib_a-memset.o)
                0x00000000080038c6                memset
 *(.glue_7)
 .glue_7        0x00000000080038d6        0x0 linker stubs
 *(.glue_7t)
 .glue_7t       0x00000000080038d6        0x0 linker stubs
 *(.eh_frame)
 *fill*         0x00000000080038d6        0x2 
 .eh_frame      0x00000000080038d8        0x0 c:/st/stm32cubeide_1.12.0/stm32cubeide/plugins/com.st.stm32cube.ide.mcu.externaltools.gnu-tools-for-stm32.10.3-2021.10.win32_1.0.200.202301161003/tools/bin/../lib/gcc/arm-none-eabi/10.3.1/thumb/v6-m/nofp/crtbegin.o
 *(.init)
 .init          0x00000000080038d8        0x4 c:/st/stm32cubeide_1.12.0/stm32cubeide/plugins/com.st.stm32cube.ide.mcu.externaltools.gnu-tools-for-stm32.10.3-2021.10.win32_1.0.200.202301161003/tools/bin/../lib/gcc/arm-none-eabi/10.3.1/thumb/v6-m/nofp/crti.o
                0x00000000080038d8                _init
 .init          0x00000000080038dc        0x8 c:/st/stm32cubeide_1.12.0/stm32cubeide/plugins/com.st.stm32cube.ide.mcu.externaltools.gnu-tools-for-stm32.10.3-2021.10.win32_1.0.200.202301161003/tools/bin/../lib/gcc/arm-none-eabi/10.3.1/thumb/v6-m/nofp/crtn.o
 *(.fini)
 .fini          0x00000000080038e4        0x4 c:/st/stm32cubeide_1.12.0/stm32cubeide/plugins/com.st.stm32cube.ide.mcu.externaltools.gnu-tools-for-stm32.10.3-2021.10.win32_1.0.200.202301161003/tools/bin/../lib/gcc/arm-none-eabi/10.3.1/thumb/v6-m/nofp/crti.o
                0x00000000080038e4                _fini
 .fini          0x00000000080038e8        0x8 c:/st/stm32cubeide_1.12.0/stm32cubeide/plugins/com.st.stm32cube.ide.mcu.externaltools.gnu-tools-for-stm32.10.3-2021.10.win32_1.0.200.202301161003/tools/bin/../lib/gcc/arm-none-eabi/10.3.1/thumb/v6-m/nofp/crtn.o
                0x00000000080038f0                . = ALIGN (0x4)
                0x00000000080038f0                _etext = .

.vfp11_veneer   0x00000000080038f0        0x0
 .vfp11_veneer  0x00000000080038f0        0x0 linker stubs

.v4_bx          0x00000000080038f0        0x0
 .v4_bx         0x00000000080038f0        0x0 linker stubs

.iplt           0x00000000080038f0        0x0
 .iplt          0x00000000080038f0        0x0 c:/st/stm32cubeide_1.12.0/stm32cubeide/plugins/com.st.stm32cube.ide.mcu.externaltools.gnu-tools-for-stm32.10.3-2021.10.win32_1.0.200.202301161003/tools/bin/../lib/gcc/arm-none-eabi/10.3.1/thumb/v6-m/nofp/crtbegin.o

.rodata         0x00000000080038f0       0x38
                0x00000000080038f0                . = ALIGN (0x4)
 *(.rodata)
 *(.rodata*)
 .rodata.AHBPrescTable
                0x00000000080038f0       0x10 ./Core/Src/system_stm32f0xx.o
                0x00000000080038f0                AHBPrescTable
 .rodata.APBPrescTable
                0x0000000008003900        0x8 ./Core/Src/system_stm32f0xx.o
                0x0000000008003900                APBPrescTable
 .rodata.aPLLMULFactorTable.1
                0x0000000008003908       0x10 ./Drivers/STM32F0xx_HAL_Driver/Src/stm32f0xx_hal_rcc.o
 .rodata.aPredivFactorTable.0
                0x0000000008003918       0x10 ./Drivers/STM32F0xx_HAL_Driver/Src/stm32f0xx_hal_rcc.o
                0x0000000008003928                . = ALIGN (0x4)

.rel.dyn        0x0000000008003928        0x0
 .rel.iplt      0x0000000008003928        0x0 c:/st/stm32cubeide_1.12.0/stm32cubeide/plugins/com.st.stm32cube.ide.mcu.externaltools.gnu-tools-for-stm32.10.3-2021.10.win32_1.0.200.202301161003/tools/bin/../lib/gcc/arm-none-eabi/10.3.1/thumb/v6-m/nofp/crtbegin.o

.ARM.extab      0x0000000008003928        0x0
                0x0000000008003928                . = ALIGN (0x4)
 *(.ARM.extab* .gnu.linkonce.armextab.*)
                0x0000000008003928                . = ALIGN (0x4)

.ARM            0x0000000008003928        0x0
                0x0000000008003928                . = ALIGN (0x4)
                0x0000000008003928                __exidx_start = .
 *(.ARM.exidx*)
                0x0000000008003928                __exidx_end = .
                0x0000000008003928                . = ALIGN (0x4)

.preinit_array  0x0000000008003928        0x0
                0x0000000008003928                . = ALIGN (0x4)
                0x0000000008003928                PROVIDE (__preinit_array_start = .)
 *(.preinit_array*)
                0x0000000008003928                PROVIDE (__preinit_array_end = .)
                0x0000000008003928                . = ALIGN (0x4)

.init_array     0x0000000008003928        0x4
                0x0000000008003928                . = ALIGN (0x4)
                0x0000000008003928                PROVIDE (__init_array_start = .)
 *(SORT_BY_NAME(.init_array.*))
 *(.init_array*)
 .init_array    0x0000000008003928        0x4 c:/st/stm32cubeide_1.12.0/stm32cubeide/plugins/com.st.stm32cube.ide.mcu.externaltools.gnu-tools-for-stm32.10.3-2021.10.win32_1.0.200.202301161003/tools/bin/../lib/gcc/arm-none-eabi/10.3.1/thumb/v6-m/nofp/crtbegin.o
                0x000000000800392c                PROVIDE (__init_array_end = .)
                0x000000000800392c                . = ALIGN (0x4)

.fini_array     0x000000000800392c        0x4
                0x000000000800392c                . = ALIGN (0x4)
                [!provide]                        PROVIDE (__fini_array_start = .)
 *(SORT_BY_NAME(.fini_array.*))
 *(.fini_array*)
 .fini_array    0x000000000800392c        0x4 c:/st/stm32cubeide_1.12.0/stm32cubeide/plugins/com.st.stm32cube.ide.mcu.externaltools.gnu-tools-for-stm32.10.3-2021.10.win32_1.0.200.202301161003/tools/bin/../lib/gcc/arm-none-eabi/10.3.1/thumb/v6-m/nofp/crtbegin.o
                [!provide]                        PROVIDE (__fini_array_end = .)
                0x0000000008003930                . = ALIGN (0x4)
                0x0000000008003930                _sidata = LOADADDR (.data)

.data           0x0000000020000000        0xc load address 0x0000000008003930
                0x0000000020000000                . = ALIGN (0x4)
                0x0000000020000000                _sdata = .
 *(.data)
 *(.data*)
 .data.SystemCoreClock
                0x0000000020000000        0x4 ./Core/Src/system_stm32f0xx.o
                0x0000000020000000                SystemCoreClock
 .data.uwTickPrio
                0x0000000020000004        0x4 ./Drivers/STM32F0xx_HAL_Driver/Src/stm32f0xx_hal.o
                0x0000000020000004                uwTickPrio
 .data.uwTickFreq
                0x0000000020000008        0x1 ./Drivers/STM32F0xx_HAL_Driver/Src/stm32f0xx_hal.o
                0x0000000020000008                uwTickFreq
 *(.RamFunc)
 *(.RamFunc*)
                0x000000002000000c                . = ALIGN (0x4)
 *fill*         0x0000000020000009        0x3 
                0x000000002000000c                _edata = .

.igot.plt       0x000000002000000c        0x0 load address 0x000000000800393c
 .igot.plt      0x000000002000000c        0x0 c:/st/stm32cubeide_1.12.0/stm32cubeide/plugins/com.st.stm32cube.ide.mcu.externaltools.gnu-tools-for-stm32.10.3-2021.10.win32_1.0.200.202301161003/tools/bin/../lib/gcc/arm-none-eabi/10.3.1/thumb/v6-m/nofp/crtbegin.o
                0x000000002000000c                . = ALIGN (0x4)

.bss            0x000000002000000c      0x160 load address 0x000000000800393c
                0x000000002000000c                _sbss = .
                0x000000002000000c                __bss_start__ = _sbss
 *(.bss)
 .bss           0x000000002000000c       0x1c c:/st/stm32cubeide_1.12.0/stm32cubeide/plugins/com.st.stm32cube.ide.mcu.externaltools.gnu-tools-for-stm32.10.3-2021.10.win32_1.0.200.202301161003/tools/bin/../lib/gcc/arm-none-eabi/10.3.1/thumb/v6-m/nofp/crtbegin.o
 *(.bss*)
 .bss.hadc      0x0000000020000028       0x40 ./Core/Src/adc.o
                0x0000000020000028                hadc
 .bss.hcan      0x0000000020000068       0x28 ./Core/Src/can.o
                0x0000000020000068                hcan
 .bss.payload_slv
                0x0000000020000090        0x6 ./Core/Src/main.o
                0x0000000020000090                payload_slv
 *fill*         0x0000000020000096        0x2 
 .bss.htim17    0x0000000020000098       0x48 ./Core/Src/tim.o
                0x0000000020000098                htim17
 .bss.huart2    0x00000000200000e0       0x88 ./Core/Src/usart.o
                0x00000000200000e0                huart2
 .bss.uwTick    0x0000000020000168        0x4 ./Drivers/STM32F0xx_HAL_Driver/Src/stm32f0xx_hal.o
                0x0000000020000168                uwTick
 *(COMMON)
                0x000000002000016c                . = ALIGN (0x4)
                0x000000002000016c                _ebss = .
                0x000000002000016c                __bss_end__ = _ebss

._user_heap_stack
                0x000000002000016c      0x604 load address 0x000000000800393c
                0x0000000020000170                . = ALIGN (0x8)
 *fill*         0x000000002000016c        0x4 
                [!provide]                        PROVIDE (end = .)
                0x0000000020000170                PROVIDE (_end = .)
                0x0000000020000370                . = (. + _Min_Heap_Size)
 *fill*         0x0000000020000170      0x200 
                0x0000000020000770                . = (. + _Min_Stack_Size)
 *fill*         0x0000000020000370      0x400 
                0x0000000020000770                . = ALIGN (0x8)

/DISCARD/
 libc.a(*)
 libm.a(*)
 libgcc.a(*)

.ARM.attributes
                0x0000000000000000       0x28
 *(.ARM.attributes)
 .ARM.attributes
                0x0000000000000000       0x1e c:/st/stm32cubeide_1.12.0/stm32cubeide/plugins/com.st.stm32cube.ide.mcu.externaltools.gnu-tools-for-stm32.10.3-2021.10.win32_1.0.200.202301161003/tools/bin/../lib/gcc/arm-none-eabi/10.3.1/thumb/v6-m/nofp/crti.o
 .ARM.attributes
                0x000000000000001e       0x2c c:/st/stm32cubeide_1.12.0/stm32cubeide/plugins/com.st.stm32cube.ide.mcu.externaltools.gnu-tools-for-stm32.10.3-2021.10.win32_1.0.200.202301161003/tools/bin/../lib/gcc/arm-none-eabi/10.3.1/thumb/v6-m/nofp/crtbegin.o
 .ARM.attributes
                0x000000000000004a       0x2c ./Core/Src/adc.o
 .ARM.attributes
                0x0000000000000076       0x2c ./Core/Src/can.o
 .ARM.attributes
                0x00000000000000a2       0x2c ./Core/Src/ds18b20.o
 .ARM.attributes
                0x00000000000000ce       0x2c ./Core/Src/flame_sensor.o
 .ARM.attributes
                0x00000000000000fa       0x2c ./Core/Src/gpio.o
 .ARM.attributes
                0x0000000000000126       0x2c ./Core/Src/main.o
 .ARM.attributes
                0x0000000000000152       0x2c ./Core/Src/smoke_sensor.o
 .ARM.attributes
                0x000000000000017e       0x2c ./Core/Src/stm32f0xx_hal_msp.o
 .ARM.attributes
                0x00000000000001aa       0x2c ./Core/Src/stm32f0xx_it.o
 .ARM.attributes
                0x00000000000001d6       0x2c ./Core/Src/system_stm32f0xx.o
 .ARM.attributes
                0x0000000000000202       0x2c ./Core/Src/tim.o
 .ARM.attributes
                0x000000000000022e       0x2c ./Core/Src/usart.o
 .ARM.attributes
                0x000000000000025a       0x2c ./Core/Src/wire.o
 .ARM.attributes
                0x0000000000000286       0x21 ./Core/Startup/startup_stm32f042f4px.o
 .ARM.attributes
                0x00000000000002a7       0x2c ./Drivers/STM32F0xx_HAL_Driver/Src/stm32f0xx_hal.o
 .ARM.attributes
                0x00000000000002d3       0x2c ./Drivers/STM32F0xx_HAL_Driver/Src/stm32f0xx_hal_adc.o
 .ARM.attributes
                0x00000000000002ff       0x2c ./Drivers/STM32F0xx_HAL_Driver/Src/stm32f0xx_hal_can.o
 .ARM.attributes
                0x000000000000032b       0x2c ./Drivers/STM32F0xx_HAL_Driver/Src/stm32f0xx_hal_cortex.o
 .ARM.attributes
                0x0000000000000357       0x2c ./Drivers/STM32F0xx_HAL_Driver/Src/stm32f0xx_hal_gpio.o
 .ARM.attributes
                0x0000000000000383       0x2c ./Drivers/STM32F0xx_HAL_Driver/Src/stm32f0xx_hal_rcc.o
 .ARM.attributes
                0x00000000000003af       0x2c ./Drivers/STM32F0xx_HAL_Driver/Src/stm32f0xx_hal_tim.o
 .ARM.attributes
                0x00000000000003db       0x2c ./Drivers/STM32F0xx_HAL_Driver/Src/stm32f0xx_hal_uart.o
 .ARM.attributes
                0x0000000000000407       0x2c c:/st/stm32cubeide_1.12.0/stm32cubeide/plugins/com.st.stm32cube.ide.mcu.externaltools.gnu-tools-for-stm32.10.3-2021.10.win32_1.0.200.202301161003/tools/bin/../lib/gcc/arm-none-eabi/10.3.1/../../../../arm-none-eabi/lib/thumb/v6-m/nofp\libc_nano.a(lib_a-init.o)
 .ARM.attributes
                0x0000000000000433       0x2c c:/st/stm32cubeide_1.12.0/stm32cubeide/plugins/com.st.stm32cube.ide.mcu.externaltools.gnu-tools-for-stm32.10.3-2021.10.win32_1.0.200.202301161003/tools/bin/../lib/gcc/arm-none-eabi/10.3.1/../../../../arm-none-eabi/lib/thumb/v6-m/nofp\libc_nano.a(lib_a-memcpy-stub.o)
 .ARM.attributes
                0x000000000000045f       0x2c c:/st/stm32cubeide_1.12.0/stm32cubeide/plugins/com.st.stm32cube.ide.mcu.externaltools.gnu-tools-for-stm32.10.3-2021.10.win32_1.0.200.202301161003/tools/bin/../lib/gcc/arm-none-eabi/10.3.1/../../../../arm-none-eabi/lib/thumb/v6-m/nofp\libc_nano.a(lib_a-memset.o)
 .ARM.attributes
                0x000000000000048b       0x1e c:/st/stm32cubeide_1.12.0/stm32cubeide/plugins/com.st.stm32cube.ide.mcu.externaltools.gnu-tools-for-stm32.10.3-2021.10.win32_1.0.200.202301161003/tools/bin/../lib/gcc/arm-none-eabi/10.3.1/thumb/v6-m/nofp\libgcc.a(_udivsi3.o)
 .ARM.attributes
                0x00000000000004a9       0x1e c:/st/stm32cubeide_1.12.0/stm32cubeide/plugins/com.st.stm32cube.ide.mcu.externaltools.gnu-tools-for-stm32.10.3-2021.10.win32_1.0.200.202301161003/tools/bin/../lib/gcc/arm-none-eabi/10.3.1/thumb/v6-m/nofp\libgcc.a(_dvmd_tls.o)
 .ARM.attributes
                0x00000000000004c7       0x1e c:/st/stm32cubeide_1.12.0/stm32cubeide/plugins/com.st.stm32cube.ide.mcu.externaltools.gnu-tools-for-stm32.10.3-2021.10.win32_1.0.200.202301161003/tools/bin/../lib/gcc/arm-none-eabi/10.3.1/thumb/v6-m/nofp/crtn.o
OUTPUT(swaw_slave_flame_detector.elf elf32-littlearm)
LOAD linker stubs
LOAD c:/st/stm32cubeide_1.12.0/stm32cubeide/plugins/com.st.stm32cube.ide.mcu.externaltools.gnu-tools-for-stm32.10.3-2021.10.win32_1.0.200.202301161003/tools/bin/../lib/gcc/arm-none-eabi/10.3.1/../../../../arm-none-eabi/lib/thumb/v6-m/nofp\libc.a
LOAD c:/st/stm32cubeide_1.12.0/stm32cubeide/plugins/com.st.stm32cube.ide.mcu.externaltools.gnu-tools-for-stm32.10.3-2021.10.win32_1.0.200.202301161003/tools/bin/../lib/gcc/arm-none-eabi/10.3.1/../../../../arm-none-eabi/lib/thumb/v6-m/nofp\libm.a
LOAD c:/st/stm32cubeide_1.12.0/stm32cubeide/plugins/com.st.stm32cube.ide.mcu.externaltools.gnu-tools-for-stm32.10.3-2021.10.win32_1.0.200.202301161003/tools/bin/../lib/gcc/arm-none-eabi/10.3.1/thumb/v6-m/nofp\libgcc.a

.debug_info     0x0000000000000000     0xf159
 .debug_info    0x0000000000000000      0x8b9 ./Core/Src/adc.o
 .debug_info    0x00000000000008b9      0x7e7 ./Core/Src/can.o
 .debug_info    0x00000000000010a0      0x2f1 ./Core/Src/ds18b20.o
 .debug_info    0x0000000000001391      0x6a6 ./Core/Src/flame_sensor.o
 .debug_info    0x0000000000001a37      0x374 ./Core/Src/gpio.o
 .debug_info    0x0000000000001dab      0xa62 ./Core/Src/main.o
 .debug_info    0x000000000000280d      0x68f ./Core/Src/smoke_sensor.o
 .debug_info    0x0000000000002e9c      0x21d ./Core/Src/stm32f0xx_hal_msp.o
 .debug_info    0x00000000000030b9       0xda ./Core/Src/stm32f0xx_it.o
 .debug_info    0x0000000000003193      0x269 ./Core/Src/system_stm32f0xx.o
 .debug_info    0x00000000000033fc      0x7d1 ./Core/Src/tim.o
 .debug_info    0x0000000000003bcd      0x99e ./Core/Src/usart.o
 .debug_info    0x000000000000456b      0x992 ./Core/Src/wire.o
 .debug_info    0x0000000000004efd       0x22 ./Core/Startup/startup_stm32f042f4px.o
 .debug_info    0x0000000000004f1f      0x6d2 ./Drivers/STM32F0xx_HAL_Driver/Src/stm32f0xx_hal.o
 .debug_info    0x00000000000055f1      0xd1d ./Drivers/STM32F0xx_HAL_Driver/Src/stm32f0xx_hal_adc.o
 .debug_info    0x000000000000630e      0xf83 ./Drivers/STM32F0xx_HAL_Driver/Src/stm32f0xx_hal_can.o
 .debug_info    0x0000000000007291      0x705 ./Drivers/STM32F0xx_HAL_Driver/Src/stm32f0xx_hal_cortex.o
 .debug_info    0x0000000000007996      0x628 ./Drivers/STM32F0xx_HAL_Driver/Src/stm32f0xx_hal_gpio.o
 .debug_info    0x0000000000007fbe      0x8b0 ./Drivers/STM32F0xx_HAL_Driver/Src/stm32f0xx_hal_rcc.o
 .debug_info    0x000000000000886e     0x2bab ./Drivers/STM32F0xx_HAL_Driver/Src/stm32f0xx_hal_tim.o
 .debug_info    0x000000000000b419     0x3d40 ./Drivers/STM32F0xx_HAL_Driver/Src/stm32f0xx_hal_uart.o

.debug_abbrev   0x0000000000000000     0x270e
 .debug_abbrev  0x0000000000000000      0x1e0 ./Core/Src/adc.o
 .debug_abbrev  0x00000000000001e0      0x201 ./Core/Src/can.o
 .debug_abbrev  0x00000000000003e1      0x168 ./Core/Src/ds18b20.o
 .debug_abbrev  0x0000000000000549      0x1aa ./Core/Src/flame_sensor.o
 .debug_abbrev  0x00000000000006f3      0x146 ./Core/Src/gpio.o
 .debug_abbrev  0x0000000000000839      0x27b ./Core/Src/main.o
 .debug_abbrev  0x0000000000000ab4      0x1aa ./Core/Src/smoke_sensor.o
 .debug_abbrev  0x0000000000000c5e       0xd4 ./Core/Src/stm32f0xx_hal_msp.o
 .debug_abbrev  0x0000000000000d32       0x74 ./Core/Src/stm32f0xx_it.o
 .debug_abbrev  0x0000000000000da6      0x116 ./Core/Src/system_stm32f0xx.o
 .debug_abbrev  0x0000000000000ebc      0x1c2 ./Core/Src/tim.o
 .debug_abbrev  0x000000000000107e      0x1e7 ./Core/Src/usart.o
 .debug_abbrev  0x0000000000001265      0x26a ./Core/Src/wire.o
 .debug_abbrev  0x00000000000014cf       0x12 ./Core/Startup/startup_stm32f042f4px.o
 .debug_abbrev  0x00000000000014e1      0x23f ./Drivers/STM32F0xx_HAL_Driver/Src/stm32f0xx_hal.o
 .debug_abbrev  0x0000000000001720      0x243 ./Drivers/STM32F0xx_HAL_Driver/Src/stm32f0xx_hal_adc.o
 .debug_abbrev  0x0000000000001963      0x1cc ./Drivers/STM32F0xx_HAL_Driver/Src/stm32f0xx_hal_can.o
 .debug_abbrev  0x0000000000001b2f      0x283 ./Drivers/STM32F0xx_HAL_Driver/Src/stm32f0xx_hal_cortex.o
 .debug_abbrev  0x0000000000001db2      0x1bb ./Drivers/STM32F0xx_HAL_Driver/Src/stm32f0xx_hal_gpio.o
 .debug_abbrev  0x0000000000001f6d      0x283 ./Drivers/STM32F0xx_HAL_Driver/Src/stm32f0xx_hal_rcc.o
 .debug_abbrev  0x00000000000021f0      0x264 ./Drivers/STM32F0xx_HAL_Driver/Src/stm32f0xx_hal_tim.o
 .debug_abbrev  0x0000000000002454      0x2ba ./Drivers/STM32F0xx_HAL_Driver/Src/stm32f0xx_hal_uart.o

.debug_aranges  0x0000000000000000      0xd38
 .debug_aranges
                0x0000000000000000       0x30 ./Core/Src/adc.o
 .debug_aranges
                0x0000000000000030       0x30 ./Core/Src/can.o
 .debug_aranges
                0x0000000000000060       0x48 ./Core/Src/ds18b20.o
 .debug_aranges
                0x00000000000000a8       0x20 ./Core/Src/flame_sensor.o
 .debug_aranges
                0x00000000000000c8       0x20 ./Core/Src/gpio.o
 .debug_aranges
                0x00000000000000e8       0x30 ./Core/Src/main.o
 .debug_aranges
                0x0000000000000118       0x20 ./Core/Src/smoke_sensor.o
 .debug_aranges
                0x0000000000000138       0x20 ./Core/Src/stm32f0xx_hal_msp.o
 .debug_aranges
                0x0000000000000158       0x40 ./Core/Src/stm32f0xx_it.o
 .debug_aranges
                0x0000000000000198       0x28 ./Core/Src/system_stm32f0xx.o
 .debug_aranges
                0x00000000000001c0       0x30 ./Core/Src/tim.o
 .debug_aranges
                0x00000000000001f0       0x30 ./Core/Src/usart.o
 .debug_aranges
                0x0000000000000220       0x60 ./Core/Src/wire.o
 .debug_aranges
                0x0000000000000280       0x28 ./Core/Startup/startup_stm32f042f4px.o
 .debug_aranges
                0x00000000000002a8       0xd0 ./Drivers/STM32F0xx_HAL_Driver/Src/stm32f0xx_hal.o
 .debug_aranges
                0x0000000000000378       0xf8 ./Drivers/STM32F0xx_HAL_Driver/Src/stm32f0xx_hal_adc.o
 .debug_aranges
                0x0000000000000470      0x138 ./Drivers/STM32F0xx_HAL_Driver/Src/stm32f0xx_hal_can.o
 .debug_aranges
                0x00000000000005a8       0xc0 ./Drivers/STM32F0xx_HAL_Driver/Src/stm32f0xx_hal_cortex.o
 .debug_aranges
                0x0000000000000668       0x58 ./Drivers/STM32F0xx_HAL_Driver/Src/stm32f0xx_hal_gpio.o
 .debug_aranges
                0x00000000000006c0       0x80 ./Drivers/STM32F0xx_HAL_Driver/Src/stm32f0xx_hal_rcc.o
 .debug_aranges
                0x0000000000000740      0x3d0 ./Drivers/STM32F0xx_HAL_Driver/Src/stm32f0xx_hal_tim.o
 .debug_aranges
                0x0000000000000b10      0x228 ./Drivers/STM32F0xx_HAL_Driver/Src/stm32f0xx_hal_uart.o

.debug_ranges   0x0000000000000000      0xc10
 .debug_ranges  0x0000000000000000       0x20 ./Core/Src/adc.o
 .debug_ranges  0x0000000000000020       0x20 ./Core/Src/can.o
 .debug_ranges  0x0000000000000040       0x38 ./Core/Src/ds18b20.o
 .debug_ranges  0x0000000000000078       0x10 ./Core/Src/flame_sensor.o
 .debug_ranges  0x0000000000000088       0x10 ./Core/Src/gpio.o
 .debug_ranges  0x0000000000000098       0x20 ./Core/Src/main.o
 .debug_ranges  0x00000000000000b8       0x10 ./Core/Src/smoke_sensor.o
 .debug_ranges  0x00000000000000c8       0x10 ./Core/Src/stm32f0xx_hal_msp.o
 .debug_ranges  0x00000000000000d8       0x30 ./Core/Src/stm32f0xx_it.o
 .debug_ranges  0x0000000000000108       0x18 ./Core/Src/system_stm32f0xx.o
 .debug_ranges  0x0000000000000120       0x20 ./Core/Src/tim.o
 .debug_ranges  0x0000000000000140       0x20 ./Core/Src/usart.o
 .debug_ranges  0x0000000000000160       0x50 ./Core/Src/wire.o
 .debug_ranges  0x00000000000001b0       0x20 ./Core/Startup/startup_stm32f042f4px.o
 .debug_ranges  0x00000000000001d0       0xc0 ./Drivers/STM32F0xx_HAL_Driver/Src/stm32f0xx_hal.o
 .debug_ranges  0x0000000000000290       0xe8 ./Drivers/STM32F0xx_HAL_Driver/Src/stm32f0xx_hal_adc.o
 .debug_ranges  0x0000000000000378      0x128 ./Drivers/STM32F0xx_HAL_Driver/Src/stm32f0xx_hal_can.o
 .debug_ranges  0x00000000000004a0       0xb0 ./Drivers/STM32F0xx_HAL_Driver/Src/stm32f0xx_hal_cortex.o
 .debug_ranges  0x0000000000000550       0x48 ./Drivers/STM32F0xx_HAL_Driver/Src/stm32f0xx_hal_gpio.o
 .debug_ranges  0x0000000000000598       0x70 ./Drivers/STM32F0xx_HAL_Driver/Src/stm32f0xx_hal_rcc.o
 .debug_ranges  0x0000000000000608      0x3c0 ./Drivers/STM32F0xx_HAL_Driver/Src/stm32f0xx_hal_tim.o
 .debug_ranges  0x00000000000009c8      0x248 ./Drivers/STM32F0xx_HAL_Driver/Src/stm32f0xx_hal_uart.o

.debug_macro    0x0000000000000000    0x1a672
 .debug_macro   0x0000000000000000      0x1f9 ./Core/Src/adc.o
 .debug_macro   0x00000000000001f9      0xa4e ./Core/Src/adc.o
 .debug_macro   0x0000000000000c47      0x13f ./Core/Src/adc.o
 .debug_macro   0x0000000000000d86       0x2e ./Core/Src/adc.o
 .debug_macro   0x0000000000000db4       0x22 ./Core/Src/adc.o
 .debug_macro   0x0000000000000dd6       0x22 ./Core/Src/adc.o
 .debug_macro   0x0000000000000df8       0x8e ./Core/Src/adc.o
 .debug_macro   0x0000000000000e86       0x51 ./Core/Src/adc.o
 .debug_macro   0x0000000000000ed7      0x103 ./Core/Src/adc.o
 .debug_macro   0x0000000000000fda       0x6a ./Core/Src/adc.o
 .debug_macro   0x0000000000001044      0x1df ./Core/Src/adc.o
 .debug_macro   0x0000000000001223       0x1c ./Core/Src/adc.o
 .debug_macro   0x000000000000123f       0x22 ./Core/Src/adc.o
 .debug_macro   0x0000000000001261       0xaf ./Core/Src/adc.o
 .debug_macro   0x0000000000001310      0x391 ./Core/Src/adc.o
 .debug_macro   0x00000000000016a1     0xf209 ./Core/Src/adc.o
 .debug_macro   0x00000000000108aa       0x66 ./Core/Src/adc.o
 .debug_macro   0x0000000000010910     0x34be ./Core/Src/adc.o
 .debug_macro   0x0000000000013dce      0x174 ./Core/Src/adc.o
 .debug_macro   0x0000000000013f42       0x55 ./Core/Src/adc.o
 .debug_macro   0x0000000000013f97      0x946 ./Core/Src/adc.o
 .debug_macro   0x00000000000148dd      0x46b ./Core/Src/adc.o
 .debug_macro   0x0000000000014d48      0x1ae ./Core/Src/adc.o
 .debug_macro   0x0000000000014ef6      0x130 ./Core/Src/adc.o
 .debug_macro   0x0000000000015026      0x199 ./Core/Src/adc.o
 .debug_macro   0x00000000000151bf      0x1ed ./Core/Src/adc.o
 .debug_macro   0x00000000000153ac       0x34 ./Core/Src/adc.o
 .debug_macro   0x00000000000153e0       0x43 ./Core/Src/adc.o
 .debug_macro   0x0000000000015423       0x28 ./Core/Src/adc.o
 .debug_macro   0x000000000001544b      0x33d ./Core/Src/adc.o
 .debug_macro   0x0000000000015788       0xce ./Core/Src/adc.o
 .debug_macro   0x0000000000015856      0x408 ./Core/Src/adc.o
 .debug_macro   0x0000000000015c5e       0xb0 ./Core/Src/adc.o
 .debug_macro   0x0000000000015d0e      0x182 ./Core/Src/adc.o
 .debug_macro   0x0000000000015e90      0x22c ./Core/Src/adc.o
 .debug_macro   0x00000000000160bc       0x61 ./Core/Src/adc.o
 .debug_macro   0x000000000001611d       0xa5 ./Core/Src/adc.o
 .debug_macro   0x00000000000161c2       0x4c ./Core/Src/adc.o
 .debug_macro   0x000000000001620e      0x15b ./Core/Src/adc.o
 .debug_macro   0x0000000000016369      0x8f4 ./Core/Src/adc.o
 .debug_macro   0x0000000000016c5d       0x28 ./Core/Src/adc.o
 .debug_macro   0x0000000000016c85      0x5ba ./Core/Src/adc.o
 .debug_macro   0x000000000001723f       0x44 ./Core/Src/adc.o
 .debug_macro   0x0000000000017283      0x12e ./Core/Src/adc.o
 .debug_macro   0x00000000000173b1       0x7c ./Core/Src/adc.o
 .debug_macro   0x000000000001742d      0x1f9 ./Core/Src/can.o
 .debug_macro   0x0000000000017626      0x2da ./Core/Src/ds18b20.o
 .debug_macro   0x0000000000017900       0x4c ./Core/Src/ds18b20.o
 .debug_macro   0x000000000001794c       0x18 ./Core/Src/ds18b20.o
 .debug_macro   0x0000000000017964       0x94 ./Core/Src/ds18b20.o
 .debug_macro   0x00000000000179f8       0x3c ./Core/Src/ds18b20.o
 .debug_macro   0x0000000000017a34       0x34 ./Core/Src/ds18b20.o
 .debug_macro   0x0000000000017a68       0x16 ./Core/Src/ds18b20.o
 .debug_macro   0x0000000000017a7e       0x43 ./Core/Src/ds18b20.o
 .debug_macro   0x0000000000017ac1       0x57 ./Core/Src/ds18b20.o
 .debug_macro   0x0000000000017b18       0x34 ./Core/Src/ds18b20.o
 .debug_macro   0x0000000000017b4c       0x10 ./Core/Src/ds18b20.o
 .debug_macro   0x0000000000017b5c       0x58 ./Core/Src/ds18b20.o
 .debug_macro   0x0000000000017bb4       0x71 ./Core/Src/ds18b20.o
 .debug_macro   0x0000000000017c25       0x1c ./Core/Src/ds18b20.o
 .debug_macro   0x0000000000017c41      0x12a ./Core/Src/ds18b20.o
 .debug_macro   0x0000000000017d6b      0x341 ./Core/Src/ds18b20.o
 .debug_macro   0x00000000000180ac       0x10 ./Core/Src/ds18b20.o
 .debug_macro   0x00000000000180bc       0x35 ./Core/Src/ds18b20.o
 .debug_macro   0x00000000000180f1       0x20 ./Core/Src/ds18b20.o
 .debug_macro   0x0000000000018111       0x4f ./Core/Src/ds18b20.o
 .debug_macro   0x0000000000018160      0x1ff ./Core/Src/flame_sensor.o
 .debug_macro   0x000000000001835f      0x1f9 ./Core/Src/gpio.o
 .debug_macro   0x0000000000018558      0x305 ./Core/Src/main.o
 .debug_macro   0x000000000001885d       0x52 ./Core/Src/main.o
 .debug_macro   0x00000000000188af      0x1ff ./Core/Src/smoke_sensor.o
 .debug_macro   0x0000000000018aae      0x1ef ./Core/Src/stm32f0xx_hal_msp.o
 .debug_macro   0x0000000000018c9d      0x1f9 ./Core/Src/stm32f0xx_it.o
 .debug_macro   0x0000000000018e96      0x1e0 ./Core/Src/system_stm32f0xx.o
 .debug_macro   0x0000000000019076      0x1f9 ./Core/Src/tim.o
 .debug_macro   0x000000000001926f      0x1f9 ./Core/Src/usart.o
 .debug_macro   0x0000000000019468      0x201 ./Core/Src/wire.o
 .debug_macro   0x0000000000019669       0x82 ./Core/Src/wire.o
 .debug_macro   0x00000000000196eb      0x204 ./Drivers/STM32F0xx_HAL_Driver/Src/stm32f0xx_hal.o
 .debug_macro   0x00000000000198ef      0x204 ./Drivers/STM32F0xx_HAL_Driver/Src/stm32f0xx_hal_adc.o
 .debug_macro   0x0000000000019af3      0x1e8 ./Drivers/STM32F0xx_HAL_Driver/Src/stm32f0xx_hal_can.o
 .debug_macro   0x0000000000019cdb      0x1e0 ./Drivers/STM32F0xx_HAL_Driver/Src/stm32f0xx_hal_cortex.o
 .debug_macro   0x0000000000019ebb      0x1e7 ./Drivers/STM32F0xx_HAL_Driver/Src/stm32f0xx_hal_gpio.o
 .debug_macro   0x000000000001a0a2      0x1f2 ./Drivers/STM32F0xx_HAL_Driver/Src/stm32f0xx_hal_rcc.o
 .debug_macro   0x000000000001a294      0x1e1 ./Drivers/STM32F0xx_HAL_Driver/Src/stm32f0xx_hal_tim.o
 .debug_macro   0x000000000001a475      0x1fd ./Drivers/STM32F0xx_HAL_Driver/Src/stm32f0xx_hal_uart.o

.debug_line     0x0000000000000000    0x11b2e
 .debug_line    0x0000000000000000      0x7db ./Core/Src/adc.o
 .debug_line    0x00000000000007db      0x7a7 ./Core/Src/can.o
 .debug_line    0x0000000000000f82      0x9bc ./Core/Src/ds18b20.o
 .debug_line    0x000000000000193e      0x78e ./Core/Src/flame_sensor.o
 .debug_line    0x00000000000020cc      0x752 ./Core/Src/gpio.o
 .debug_line    0x000000000000281e      0x9ba ./Core/Src/main.o
 .debug_line    0x00000000000031d8      0x77d ./Core/Src/smoke_sensor.o
 .debug_line    0x0000000000003955      0x728 ./Core/Src/stm32f0xx_hal_msp.o
 .debug_line    0x000000000000407d      0x78c ./Core/Src/stm32f0xx_it.o
 .debug_line    0x0000000000004809      0x7af ./Core/Src/system_stm32f0xx.o
 .debug_line    0x0000000000004fb8      0x773 ./Core/Src/tim.o
 .debug_line    0x000000000000572b      0x797 ./Core/Src/usart.o
 .debug_line    0x0000000000005ec2      0x8c2 ./Core/Src/wire.o
 .debug_line    0x0000000000006784       0x9b ./Core/Startup/startup_stm32f042f4px.o
 .debug_line    0x000000000000681f      0x9a2 ./Drivers/STM32F0xx_HAL_Driver/Src/stm32f0xx_hal.o
 .debug_line    0x00000000000071c1     0x11f4 ./Drivers/STM32F0xx_HAL_Driver/Src/stm32f0xx_hal_adc.o
 .debug_line    0x00000000000083b5     0x116c ./Drivers/STM32F0xx_HAL_Driver/Src/stm32f0xx_hal_can.o
 .debug_line    0x0000000000009521      0xa4e ./Drivers/STM32F0xx_HAL_Driver/Src/stm32f0xx_hal_cortex.o
 .debug_line    0x0000000000009f6f      0xb0a ./Drivers/STM32F0xx_HAL_Driver/Src/stm32f0xx_hal_gpio.o
 .debug_line    0x000000000000aa79      0xe2c ./Drivers/STM32F0xx_HAL_Driver/Src/stm32f0xx_hal_rcc.o
 .debug_line    0x000000000000b8a5     0x3633 ./Drivers/STM32F0xx_HAL_Driver/Src/stm32f0xx_hal_tim.o
 .debug_line    0x000000000000eed8     0x2c56 ./Drivers/STM32F0xx_HAL_Driver/Src/stm32f0xx_hal_uart.o

.debug_str      0x0000000000000000    0x95b5b
 .debug_str     0x0000000000000000    0x8f5c8 ./Core/Src/adc.o
                                      0x8f8ae (size before relaxing)
 .debug_str     0x000000000008f5c8      0x280 ./Core/Src/can.o
                                      0x8f7aa (size before relaxing)
 .debug_str     0x000000000008f848     0x2f88 ./Core/Src/ds18b20.o
                                      0x9212f (size before relaxing)
 .debug_str     0x00000000000927d0       0xc3 ./Core/Src/flame_sensor.o
                                      0x8f838 (size before relaxing)
 .debug_str     0x0000000000092893       0x68 ./Core/Src/gpio.o
                                      0x8f4ae (size before relaxing)
 .debug_str     0x00000000000928fb      0x2ce ./Core/Src/main.o
                                      0x92888 (size before relaxing)
 .debug_str     0x0000000000092bc9       0x25 ./Core/Src/smoke_sensor.o
                                      0x8f825 (size before relaxing)
 .debug_str     0x0000000000092bee       0x42 ./Core/Src/stm32f0xx_hal_msp.o
                                      0x8f408 (size before relaxing)
 .debug_str     0x0000000000092c30       0x82 ./Core/Src/stm32f0xx_it.o
                                      0x8f3cb (size before relaxing)
 .debug_str     0x0000000000092cb2       0x8b ./Core/Src/system_stm32f0xx.o
                                      0x8f23b (size before relaxing)
 .debug_str     0x0000000000092d3d      0x2dd ./Core/Src/tim.o
                                      0x8f930 (size before relaxing)
 .debug_str     0x000000000009301a      0x269 ./Core/Src/usart.o
                                      0x8f936 (size before relaxing)
 .debug_str     0x0000000000093283       0x50 ./Core/Src/wire.o
                                      0x8f99a (size before relaxing)
 .debug_str     0x00000000000932d3       0x36 ./Core/Startup/startup_stm32f042f4px.o
                                         0x81 (size before relaxing)
 .debug_str     0x0000000000093309      0x4cb ./Drivers/STM32F0xx_HAL_Driver/Src/stm32f0xx_hal.o
                                      0x8f7ed (size before relaxing)
 .debug_str     0x00000000000937d4      0x32a ./Drivers/STM32F0xx_HAL_Driver/Src/stm32f0xx_hal_adc.o
                                      0x8f948 (size before relaxing)
 .debug_str     0x0000000000093afe      0x4ea ./Drivers/STM32F0xx_HAL_Driver/Src/stm32f0xx_hal_can.o
                                      0x8fa0c (size before relaxing)
 .debug_str     0x0000000000093fe8      0x1a0 ./Drivers/STM32F0xx_HAL_Driver/Src/stm32f0xx_hal_cortex.o
                                      0x8f5de (size before relaxing)
 .debug_str     0x0000000000094188       0xe6 ./Drivers/STM32F0xx_HAL_Driver/Src/stm32f0xx_hal_gpio.o
                                      0x8f3dc (size before relaxing)
 .debug_str     0x000000000009426e      0x21a ./Drivers/STM32F0xx_HAL_Driver/Src/stm32f0xx_hal_rcc.o
                                      0x8f682 (size before relaxing)
 .debug_str     0x0000000000094488      0xe52 ./Drivers/STM32F0xx_HAL_Driver/Src/stm32f0xx_hal_tim.o
                                      0x90641 (size before relaxing)
 .debug_str     0x00000000000952da      0x881 ./Drivers/STM32F0xx_HAL_Driver/Src/stm32f0xx_hal_uart.o
                                      0x8ff9f (size before relaxing)

.comment        0x0000000000000000       0x50
 .comment       0x0000000000000000       0x50 ./Core/Src/adc.o
                                         0x51 (size before relaxing)
 .comment       0x0000000000000050       0x51 ./Core/Src/can.o
 .comment       0x0000000000000050       0x51 ./Core/Src/ds18b20.o
 .comment       0x0000000000000050       0x51 ./Core/Src/flame_sensor.o
 .comment       0x0000000000000050       0x51 ./Core/Src/gpio.o
 .comment       0x0000000000000050       0x51 ./Core/Src/main.o
 .comment       0x0000000000000050       0x51 ./Core/Src/smoke_sensor.o
 .comment       0x0000000000000050       0x51 ./Core/Src/stm32f0xx_hal_msp.o
 .comment       0x0000000000000050       0x51 ./Core/Src/stm32f0xx_it.o
 .comment       0x0000000000000050       0x51 ./Core/Src/system_stm32f0xx.o
 .comment       0x0000000000000050       0x51 ./Core/Src/tim.o
 .comment       0x0000000000000050       0x51 ./Core/Src/usart.o
 .comment       0x0000000000000050       0x51 ./Core/Src/wire.o
 .comment       0x0000000000000050       0x51 ./Drivers/STM32F0xx_HAL_Driver/Src/stm32f0xx_hal.o
 .comment       0x0000000000000050       0x51 ./Drivers/STM32F0xx_HAL_Driver/Src/stm32f0xx_hal_adc.o
 .comment       0x0000000000000050       0x51 ./Drivers/STM32F0xx_HAL_Driver/Src/stm32f0xx_hal_can.o
 .comment       0x0000000000000050       0x51 ./Drivers/STM32F0xx_HAL_Driver/Src/stm32f0xx_hal_cortex.o
 .comment       0x0000000000000050       0x51 ./Drivers/STM32F0xx_HAL_Driver/Src/stm32f0xx_hal_gpio.o
 .comment       0x0000000000000050       0x51 ./Drivers/STM32F0xx_HAL_Driver/Src/stm32f0xx_hal_rcc.o
 .comment       0x0000000000000050       0x51 ./Drivers/STM32F0xx_HAL_Driver/Src/stm32f0xx_hal_tim.o
 .comment       0x0000000000000050       0x51 ./Drivers/STM32F0xx_HAL_Driver/Src/stm32f0xx_hal_uart.o

.debug_frame    0x0000000000000000     0x2dc8
 .debug_frame   0x0000000000000000       0x70 ./Core/Src/adc.o
 .debug_frame   0x0000000000000070       0x6c ./Core/Src/can.o
 .debug_frame   0x00000000000000dc       0xd4 ./Core/Src/ds18b20.o
 .debug_frame   0x00000000000001b0       0x30 ./Core/Src/flame_sensor.o
 .debug_frame   0x00000000000001e0       0x30 ./Core/Src/gpio.o
 .debug_frame   0x0000000000000210       0x6c ./Core/Src/main.o
 .debug_frame   0x000000000000027c       0x30 ./Core/Src/smoke_sensor.o
 .debug_frame   0x00000000000002ac       0x30 ./Core/Src/stm32f0xx_hal_msp.o
 .debug_frame   0x00000000000002dc       0x9c ./Core/Src/stm32f0xx_it.o
 .debug_frame   0x0000000000000378       0x4c ./Core/Src/system_stm32f0xx.o
 .debug_frame   0x00000000000003c4       0x6c ./Core/Src/tim.o
 .debug_frame   0x0000000000000430       0x6c ./Core/Src/usart.o
 .debug_frame   0x000000000000049c      0x12c ./Core/Src/wire.o
 .debug_frame   0x00000000000005c8      0x2a4 ./Drivers/STM32F0xx_HAL_Driver/Src/stm32f0xx_hal.o
 .debug_frame   0x000000000000086c      0x3a0 ./Drivers/STM32F0xx_HAL_Driver/Src/stm32f0xx_hal_adc.o
 .debug_frame   0x0000000000000c0c      0x490 ./Drivers/STM32F0xx_HAL_Driver/Src/stm32f0xx_hal_can.o
 .debug_frame   0x000000000000109c      0x2a0 ./Drivers/STM32F0xx_HAL_Driver/Src/stm32f0xx_hal_cortex.o
 .debug_frame   0x000000000000133c      0x110 ./Drivers/STM32F0xx_HAL_Driver/Src/stm32f0xx_hal_gpio.o
 .debug_frame   0x000000000000144c      0x198 ./Drivers/STM32F0xx_HAL_Driver/Src/stm32f0xx_hal_rcc.o
 .debug_frame   0x00000000000015e4      0xf00 ./Drivers/STM32F0xx_HAL_Driver/Src/stm32f0xx_hal_tim.o
 .debug_frame   0x00000000000024e4      0x850 ./Drivers/STM32F0xx_HAL_Driver/Src/stm32f0xx_hal_uart.o
 .debug_frame   0x0000000000002d34       0x2c c:/st/stm32cubeide_1.12.0/stm32cubeide/plugins/com.st.stm32cube.ide.mcu.externaltools.gnu-tools-for-stm32.10.3-2021.10.win32_1.0.200.202301161003/tools/bin/../lib/gcc/arm-none-eabi/10.3.1/../../../../arm-none-eabi/lib/thumb/v6-m/nofp\libc_nano.a(lib_a-init.o)
 .debug_frame   0x0000000000002d60       0x28 c:/st/stm32cubeide_1.12.0/stm32cubeide/plugins/com.st.stm32cube.ide.mcu.externaltools.gnu-tools-for-stm32.10.3-2021.10.win32_1.0.200.202301161003/tools/bin/../lib/gcc/arm-none-eabi/10.3.1/../../../../arm-none-eabi/lib/thumb/v6-m/nofp\libc_nano.a(lib_a-memcpy-stub.o)
 .debug_frame   0x0000000000002d88       0x20 c:/st/stm32cubeide_1.12.0/stm32cubeide/plugins/com.st.stm32cube.ide.mcu.externaltools.gnu-tools-for-stm32.10.3-2021.10.win32_1.0.200.202301161003/tools/bin/../lib/gcc/arm-none-eabi/10.3.1/../../../../arm-none-eabi/lib/thumb/v6-m/nofp\libc_nano.a(lib_a-memset.o)
 .debug_frame   0x0000000000002da8       0x20 c:/st/stm32cubeide_1.12.0/stm32cubeide/plugins/com.st.stm32cube.ide.mcu.externaltools.gnu-tools-for-stm32.10.3-2021.10.win32_1.0.200.202301161003/tools/bin/../lib/gcc/arm-none-eabi/10.3.1/thumb/v6-m/nofp\libgcc.a(_udivsi3.o)
